[0m[34mﬁﬂﬂ[1m˛         [0;34mﬂﬂﬂﬂﬂﬂﬂﬂﬂﬂﬂﬂﬂﬂﬂﬂﬂﬂﬂﬂﬂﬂﬂﬂﬂﬂﬂﬂﬂﬂﬂﬂﬂﬂﬂﬂﬂﬂﬂﬂﬂﬂﬂﬂﬂﬂﬂﬂﬂﬂﬂﬂﬂﬂ[1m˛[0;31m [1;37m/[30mhelp[34m ˛[0;34mﬂﬂ›[37m
[34mﬁ[1;44m‹‹[0;34m›[1m [0mu[1;30msers[37m:[34m     [0;34mﬁ[1;44m‹‹[40m€ [0ml[1;30matency[37m:[34m      [0;34mﬁ[1;44m‹‹‹[40m€ [0mm[1;30mentions[37m:[34m     [0;34mﬁ[1;44m‹[40m€[0;33m [37mb[1;30muffer[37m:[34m         [0;34mﬁ[1;44m‹‹[0;34m›[37m