[0m[1;33mﬁﬂﬂ[0;33m˛[1;34m         [33mﬂﬂﬂﬂﬂﬂﬂﬂﬂﬂﬂﬂﬂﬂﬂﬂﬂﬂﬂﬂﬂﬂﬂﬂﬂﬂﬂﬂﬂﬂﬂﬂﬂﬂﬂﬂﬂﬂﬂﬂﬂﬂﬂﬂﬂﬂﬂﬂﬂﬂﬂﬂﬂﬂ[0;33m˛[31m [1;30m/[0mhelp[1;34m [0;33m˛[1mﬂﬂ›[0m
[1;33mﬁ[43mﬂﬂ[40m›[34m [30mu[0msers[1;30m:[34m     [33mﬁ[43mﬂﬂ[0;33m€[1;34m [30ml[0matency[1;30m:[34m      [33mﬁ[43mﬂﬂﬂ[0;33m€[1;34m [30mm[0mentions[1;30m:[34m     [33mﬁ[43mﬂ[0;33m€ [1;30mb[0muffer[1;30m:[34m         [33mﬁ[43mﬂﬂ[40m›[0m